BBShelp 0 0
Anniversary 0 0
Announce 0 0
Collection 0 0
Downstairs 0 1
OurTshirts 0 0
StarsOfBDWM 0 0
sysop 0 0
WMweibo 0 0
AnniMB 0 1
APPdev 0 0
BoardClub 0 1
CreativeStudio 0 1
DevTeam 0 1
Editors 0 1
manager 0 1
MBEdt 0 1
MBXMT 0 1
NewDevGroup 0 1
NewMedia 0 1
NewWeb 0 1
Reconstruction 0 1
RulesCommission 0 1
TeamANNI 0 1
TechIntern 0 0
TshirtsVote 0 1
WMQJZ 0 1
WWWStudio 0 1
BMTeight 0 1
BMTestT 0 1
BMTfive 0 1
BMTfour 0 1
BMTnine 0 1
BMTone 0 1
BMTseven 0 1
BMTsix 0 1
BMTthree 0 1
BMTtwo 0 1
Admin1 0 0
Admin2 0 0
Admin3 0 0
Admin4 0 0
Admin5 0 0
Admin6 0 0
Admin7 0 0
Admin8 0 0
Admin9 0 0
AdminABC 0 0
AdminG 0 0
BBSInfo 0 0
bbslists 0 0
Board 0 0
BoardManager 0 0
New_Board 0 0
notepad 0 0
post 0 0
sys_revision 0 0
sysreport 0 0
vote 0 0
Application 0 0
ArbClub 0 1
Arbitration 0 0
BDWMFinance 0 0
CampusInfo 0 0
ColorShow 0 0
Complain 0 0
DoItForYou 0 0
PersonalCorpus 0 0
rules 0 0
Test 0 0
UnivUnion 0 0
WMFund 0 0
WMPlatform 0 0
WMReview 0 0
Admin1_lobby 1 0
Admin1_Office 1 1
PKULibrary 1 0
HSC 1 0
HSCINFO 1 0
SPH 1 0
SPS 1 0
Economics 1 0
GSM 1 0
NSD 1 0
AoA 1 0
Archaeology 1 0
Chinese 1 0
Philo 1 0
PKUHistory 1 0
SFL 1 0
CESE 1 0
CIS 1 0
COE 1 0
Mechanics 1 0
CS 1 0
EECS 1 0
Electronics 1 0
IME 1 0
SSM 1 0
AAIS 1 0
IMM 1 0
ypjh 1 0
Auditory 1 0
CanteenDorm 1 0
CCYuan 1 0
CQB 1 0
PKUdevelopment 1 0
PKUHighSchool 1 0
Postgraduate 1 0
WanLiu 1 0
WisePark 1 0
Xuanliu 1 0
YuanMingYuan 1 0
ZhongGuanYuan 1 0
CALA 1 0
CCME 1 0
LifeScience 1 0
Physics 1 0
Psychology 1 0
SESS 1 0
Geology 1 0
Geophysics 1 0
SMS 1 0
Urban 1 0
BDSJC 1 0
GSE 1 0
IM 1 0
Law 1 0
Marxism 1 0
SG 1 0
SIS 1 0
SL 1 0
PHBS 1 0
PKUSZ 1 0
Admin2_Discuss 2 0
AnHui 2 0
BeiJing 2 0
BNU 2 0
ChongQing 2 0
FuJian 2 0
GanSu 2 0
GuangDong 2 0
GuangXi 2 0
GuiZhou 2 0
HaiNan 2 0
HeBei 2 0
HeiLongJiang 2 0
HeNan 2 0
HuBei 2 0
HuNan 2 0
InnerMongolia 2 0
JiangSu 2 0
JiangXi 2 0
JiLin 2 0
JLU 2 0
LiaoNing 2 0
NCU 2 0
NingXia 2 0
NJU 2 0
NKU 2 0
NUDT 2 0
QingHai 2 0
RUC 2 0
ShaanXi 2 0
ShanDong 2 0
ShangHai 2 0
ShanXi 2 0
SiChuan 2 0
THU 2 0
TianJin 2 0
WHU 2 0
XiDian 2 0
XinJiang 2 0
XiZang 2 0
YunNan 2 0
ZheJiang 2 0
AcademicInfo 3 0
AcademicOffice 3 1
Actuary 3 0
Admin3_Office 3 1
ArchSciTech 3 0
Astronomy 3 0
Aviation 3 0
Biology 3 0
Chemistry 3 0
Dentist 3 0
Ecosociety 3 0
ElecDIY 3 0
EnglishWorld 3 0
Englishwriting 3 0
Forex 3 0
GuoXue 3 0
Health 3 0
Herbalism 3 0
History 3 0
JapanResearch 3 0
Mathematics 3 0
MathTools 3 0
Mentality 3 0
Meteo 3 0
Military 3 0
MNWH 3 0
Modern_China 3 0
OPETech 3 0
Philosophy 3 0
PhysicsReview 3 0
PKUZDS 3 0
PMA 3 0
Politics 3 0
Science 3 0
SLP 3 0
Stock 3 0
Thesis 3 0
UrgentMeet 3 0
Admin4_Office 4 1
Admin4_Space 4 0
Apple 4 0
Computer 4 0
CSArch 4 0
GIS 4 0
Google 4 0
Homepage 4 0
IBMThinkPad 4 0
ITMarketOffice 4 1
Linux 4 0
Maze 4 0
MobileDigital 4 0
NetResources 4 0
Networking 4 0
Notebook 4 0
OldSoftware 4 0
Programming 4 0
SocialNetwork 4 0
Software 4 0
Virus_Security 4 0
wenji 4 0
Windows 4 0
WMWiki 4 1
Admin5_Bar 5 0
Admin5_Office 5 1
Art 5 0
Cultivation 5 1
JudgeCommittee 5 1
Literature 5 0
Reader 5 0
ASCIIArt 5 0
Chimusic 5 0
Chorus 5 0
CinemaArt 5 0
ClassicalMusic 5 0
Drama 5 0
Dubbing 5 0
JingKun 5 0
musical 5 0
PingShu 5 0
Pingtan 5 0
PKU_OMusic 5 0
Typography 5 0
XiangSheng 5 0
Yueju 5 0
BJ_Culture 5 0
Character 5 0
Christianity 5 0
Counterculture 5 0
Customs 5 0
Greece_Rome 5 0
Horoscope 5 0
HXYG 5 0
ID 5 0
Islam 5 0
JNFQ 5 0
Languages 5 0
Life_Art 5 0
Muthos 5 0
Railway 5 0
Tea 5 0
Tobacco 5 0
Wisdom 5 0
Adonis 5 0
Detective 5 0
Echo 5 0
Emprise 5 0
Fairytales 5 0
ForeignLit 5 0
GalacticHeroes 5 0
Heroes 5 0
LuXunStudies 5 0
Novoland 5 0
OurEileen 5 0
Poems 5 0
Romance 5 0
SANGUO 5 0
ScienceFiction 5 0
StoneStory 5 0
Story 5 0
WenYan 5 0
WorldLiterary 5 0
XiYou 5 0
Admin6_Bla 6 0
Admin6_Office 6 1
Banquet 6 0
Dance 6 0
FlightSim 6 0
Karaoke 6 0
pub 6 0
FamilyLife 6 0
Automobile 6 0
Green_hut 6 0
PetsEden 6 0
TrendyLife 6 0
Beauty 6 0
Coffee 6 0
Food 6 0
losefat 6 0
Postcard 6 0
Shopping 6 0
Travel 6 0
Comic 6 0
Conan 6 0
JUMP 6 0
Kenshin 6 0
SaintSeiya 6 0
Movie 6 0
FrancisNG 6 0
Hogwarts 6 0
LeslieCheung 6 0
LordOfTheRings 6 0
StephenChow 6 0
Radio 6 0
Television 6 0
Friends 6 0
KangYong 6 0
kzone 6 0
WallaceChung 6 0
Collectors 6 0
DVDZone 6 0
HiFi 6 0
Model 6 0
ScentedWorld 6 0
sneaker 6 0
wine 6 0
Pictures 6 0
DigitalMusic 6 0
DV 6 0
Game_Factory 6 0
PhotoView 6 0
TryYourBest 6 0
Astrology 6 0
Ghost 6 0
Joke 6 0
Riddle 6 0
BoardGame 6 0
KillerGame 6 0
TruthorDare 6 0
Game 6 0
AOE 6 0
DotA 6 0
FinalFantasy 6 0
FPS 6 0
Genshin 6 0
KOF 6 0
LOL 6 0
PopKart 6 0
SANGUO_Game 6 0
SoraNoKiseki 6 0
StarCraft 6 0
SWD 6 0
Video_Game 6 0
Warcraft 6 0
WOW 6 0
Xianjian 6 0
GameOnBoard 6 0
FantasyWorld 6 0
Leisure_Game 6 0
Little_Game 6 0
MusicGame 6 0
webgame 6 0
Zillionaire 6 0
JMusic 6 0
ShenaRingo 6 0
NewAgemusic 6 0
OcciMusic 6 0
BackstreetBack 6 0
LinkinPark 6 0
PopMusic 6 0
AngelaChang 6 0
Beyond 6 0
BibiChou 6 0
CheerChan 6 0
ChrisLee 6 0
DavidTao 6 0
EasonChan 6 0
ElvaHsiao 6 0
FayeWong 6 0
FIR 6 0
FishLeong 6 0
JaneZhang 6 0
JayChou 6 0
Jeff 6 0
JJLin 6 0
LeeHom 6 0
LiangPin 6 0
Mavis 6 0
MayDay 6 0
MengTingWei 6 0
ReneLiu 6 0
SHE 6 0
Shin 6 0
SodaGreen 6 0
Stefanie 6 0
TeresaTeng 6 0
Wakin 6 0
RockMusic 6 0
Admin7_Bar 7 0
Admin7_Office 7 1
Blessing 7 0
Boy 7 0
diary 7 0
Dream 7 0
Feeling 7 0
Friend 7 0
Girl 7 0
Graduation 7 0
HappyLife 7 0
Love 7 0
Loveletter 7 0
Melancholy 7 0
Memory 7 0
Music_box 7 0
PBaffairs 7 1
PieBridge 7 0
Piefriends 7 0
PKUER 7 0
Relatives 7 0
SecretGarden 7 0
Single 7 0
Sorry 7 0
TeacherStudent 7 0
Thanks 7 0
Water 7 0
2019nCoV 8 0
HK_MC_TW 8 0
Triangle 8 0
ADAgent 8 0
Coupon 8 0
HeGou 8 0
House 8 0
ipython_test 8 1
MarketCenter 8 1
SecondHand 8 0
ShowTicket 8 0
TuanGou 8 0
TuanGouOffice 8 1
Innovation 8 0
Intern 8 0
JiaJiao 8 0
Job 8 0
Job_Post 8 0
ParttimeJob 8 0
Admin8_Club 8 1
Admin8_Discuss 8 0
SomeBoard 8 1
BaoYan 8 0
Courses 8 0
Kaoyan 8 0
AdvancedEdu 8 0
CN_Scholarship 8 0
ExceptNA 8 0
Oversea 8 0
Freshman 8 0
JunXun 8 0
LostFound 8 0
Traffic 8 0
Admin9_Bar 9 0
Admin9_Club 9 0
Badminton 9 0
Baseball 9 0
Basketball 9 0
Billiards 9 0
Bridge 9 0
DragonBoating 9 0
Fitness 9 0
Football 9 0
FootballRugby 9 0
FormulaOneZone 9 0
FreeRunning 9 0
IceSports 9 0
Kobe 9 0
MaJiang 9 0
Qatar2022 9 0
Referees 9 0
Renju 9 0
Skate 9 0
SkateBoarding 9 0
Skiing 9 0
Sports_Game 9 0
Swimming 9 0
TableTennis 9 0
Tennis 9 0
Volleyball 9 0
Weiqi 9 0
Argentina 9 0
Arsenal 9 0
BayernMunchen 9 0
Chelsea 9 0
CzechHero 9 0
Dortmund 9 0
FCBarcelona 9 0
ForzaMilan 9 0
France 9 0
Holland 9 0
Inter 9 0
Juventus 9 0
LiverpoolFC 9 0
ManCity 9 0
ManUtd 9 0
RealMadrid 9 0
Valencia 9 0
AdminABC_Office A 1
AFPLA A 0
GuoFangJiaoYu A 0
Marxist A 0
AGI A 0
ArchUrban A 0
ASAP A 0
ASRA A 0
BoC A 0
CADA A 0
CIO_Forum A 0
CSXH A 0
DaoXue A 0
Economiclovers A 0
GengDu A 0
Greenlife A 0
GXue A 0
iCamp A 0
IIMA A 0
IPDA A 0
LSA A 0
LSIA A 0
MANYATTA A 0
Ocean A 0
OSA A 0
PAC A 0
PAPU A 0
PKU_JiangTan A 0
PKU_Zen A 0
PKURELA A 0
PKURobot A 0
PKUYND A 0
PUNMA A 0
PVCA A 0
RelicFans A 0
Rubik A 0
RuXing A 0
SPE A 0
TeaYoga A 0
VBVC A 0
ZongJiaoZheXue A 0
ZYXS A 0
AcappellaPKU A 0
Accordion A 0
ADA A 0
ADer A 0
Brush_Art A 0
CACA A 0
CCAC A 0
cinemapku A 0
CMI A 0
DrumCircle A 0
FolkloreClub A 0
GuitarPKU A 0
GuQin A 0
Harmonica A 0
HipHop A 0
KungfuScholar A 0
LangSong A 0
Magic A 0
MCPA A 0
OriginalFire A 0
PCIA A 0
Piano A 0
PKUdebate A 0
PKUPI A 0
PKUQUYI A 0
pkuveg A 0
pkuwuxia A 0
SFAPU A 0
violin A 0
WeClub A 0
WMHXS A 0
wusi A 0
YASP A 0
CAPU A 0
Floorball A 0
ichess A 0
jingwu A 0
Kendo A 0
PA A 0
PGA A 0
pkpk A 0
PKUBA A 0
PKUFA A 0
PKUTA A 0
POA A 0
PUDA A 0
PUMA A 0
RAPU A 0
ROSS A 0
squash A 0
TFPU A 0
WuTaiJi A 0
WUXIE A 0
YangTaiChi A 0
YOGA A 0
zhonghuajian A 0
CDMClub A 0
EduLDA A 0
LAAPKU A 0
lostangel A 0
loveheart A 0
ShouYu A 0
RedCross A 0
sunshine A 0
TECC A 0
tzy_service A 0
ACDR A 0
GDA A 0
JCP A 0
PCA A 0
PRA A 0
SIEN A 0
ACJC A 0
Aikido A 0
ASUSE A 0
CCEA A 0
ECCA A 0
ESC A 0
EUS A 0
HKCA A 0
ILCA A 0
ILSAPKU A 0
KoreanSalon A 0
MCCA A 0
PKUMUN A 0
PKUSIFEA A 0
PKUYAFA A 0
SICA A 0
SUN A 0
TRA A 0
Translation A 0
AJCC A 0
AJCD A 0
ccdra A 0
CDA A 0
Guizhou_Culture A 0
Haixi A 0
HuXiangCulture A 0
QLCA A 0
SanJinCulture A 0
TengriTala A 0
XiYuCulture A 0
zhijiangforum A 0
DREAMS A 0
HSCABR A 0
HscAssn A 0
HSCBBA A 0
HSCEA A 0
HSCFA A 0
HSCPINGYU A 0
HSCRUNNING A 0
SAPA A 0
SDA A 0
TLS A 0
BaiduClub A 0
BeiShe A 0
CCERCLUB A 0
IEEEPKU A 0
MASP A 0
TIC A 0
TOEAPU A 0
YOCSEF_GS A 0
dance_company A 0
grsxz A 0
Orchestra A 0
PKUAA_Japan A 0
BDQN B 0
BDXK B 0
DangKe B 0
DangPei B 0
EEBCUS B 0
ETC B 0
GSMer_Club B 0
GSMRL B 0
HongqiOnline B 0
Kindergarten B 0
LSU B 0
MCC B 0
MentalityEdu B 0
NationalFlagTeam B 0
NTL B 0
OlympicZone B 0
PECSA B 0
PG_Club B 0
PKU_EnNews B 0
PKUFMU B 0
PKUPA B 0
PKUTV B 0
PKUWeibo B 0
RPKU B 0
SAS_PKU B 0
SLS B 0
SST B 0
Stanford_ALC B 0
twxgx B 0
XinSheng B 0
XinWenZX B 0
Olydreams B 0
OVTS B 0
PLATEAUDREAM B 0
PMVol B 0
Volunteers B 0
BeiDaBei B 0
BeiDaZhiFeng B 0
EnglishStar B 0
PKU_JuXing B 0
PKU_ShiJia B 0
StudentUnion B 0
SUforum B 0
WinterSunshine B 0
DCS B 0
leagueforum B 0
pku_129 B 0
PKULeagueschool B 0
PKUPractice B 0
STARS B 0
STWT B 0
xcdyb B 0
XSKC B 0
YanQingbu B 0
PKUMOOC C 0
CB C 0
Chromatics C 0
DigitalArt C 0
HSRH C 0
IntroEQ C 0
NuclearTec C 0
OMW C 0
SCS C 0
SpaceExp C 0
TheoPhys C 0
ADintro C 0
Advertising C 0
Anthropology C 0
Bible C 0
CCC C 0
CPGP C 0
CritiWriting C 0
culturestudy C 0
GameTheory C 0
GeoCultures C 0
GFJY C 0
HLC C 0
IAS C 0
Indiapac C 0
Management C 0
YeFu_Biology C 0
Ethics C 0
ITP C 0
Logic C 0
LogicCriThink C 0
Managepsy C 0
SocialPsy C 0
WellBeing C 0
Zhuangzi C 0
AncientEgypt C 0
BuddhismCHN C 0
ChineseCulture C 0
HGC C 0
KXTS C 0
PRCEH C 0
STS C 0
Aesthetics C 0
AETVP C 0
Architecture C 0
ArtHistory C 0
ARTLIFE C 0
Assyriology C 0
Biography C 0
CAH C 0
CFH C 0
ChineseArt C 0
CR C 0
ECPM C 0
FilmReview C 0
FofArt C 0
Folklore C 0
HCC C 0
HSJCE C 0
isac C 0
IWLM C 0
JapaneseArt C 0
LITnMovie C 0
musicmusic C 0
MusicTheory C 0
Opera C 0
TWLiterature C 0
VisualBible C 0
WAH C 0
WesternMusic C 0
EnvirEthics C 0
HELP C 0
IntroEcology C 0
NatureConserv C 0
WorldHeritage C 0
DiaNat C 0
SD C 0
Tuozhan C 0
Adolescence C 0
AITC C 0
CareerPlanning C 0
ChiMusicTheory C 0
CJSFL C 0
ClassicsReading C 0
CulturalChina C 0
cwcart C 0
Daoyin_Neijing C 0
Deutsch C 0
EM C 0
FaithinGlob C 0
HTCM C 0
Italiano C 0
le_francais C 0
LifeEducation C 0
LifePsy C 0
MoviePsy C 0
pianopiano C 0
WorldClassroom C 0
XLSZ C 0
ChineseEconomy C 0
cssm C 0
DMA C 0
DMB C 0
DMC C 0
DMIS C 0
DMM C 0
DMP C 0
Econometrics C 0
ITrade C 0
JapaneseMinor C 0
M_M C 0
NIE C 0
PE C 0
RegionalEcon C 0
AbnormalPSY C 0
AnalChem C 0
atmos C 0
Bioinformatics C 0
Broadcasting C 0
CG C 0
Circuit C 0
Communications C 0
GCHEM C 0
GeneralGeology C 0
HackingExposed C 0
IJC C 0
IntEcon C 0
LegalChina C 0
Mathe_Logic C 0
MathPhyMethod C 0
mediahistory C 0
MusicHistory C 0
News_Editing C 0
OBCase C 0
phychem C 0
PsyStat C 0
QuantumChem C 0
RCPER C 0
SpanishStudy C 0
WangLian C 0
warner_class C 0
WBIA C 0
PKU_Announce F 0
PKU_CC F 0
PKU_CE F 0
PKU_EF F 0
PKU_Feedback F 0
PKU_GRS F 0
PKU_HMT F 0
PKU_OIR F 0
PKU_OOF F 0
PKU_OSFA F 0
PKU_PE F 0
PKU_SAD F 0
PKU_SCC F 0
PKU_Suggest F 0
PKU_VI F 0
AdminG_Office G 1
AdminG_Talk G 1
AdminG_Test G 1
AiYuanClub G 0
AminiEden G 0
AntiLaMacia G 0
BJ4HS G 0
BNDS G 0
Bourgeoisie G 0
CourseShare G 0
DalianFC G 0
Doraemon G 0
DotaClub G 0
DY G 0
FFFamily G 0
FFHome G 0
FiveMillion G 0
FRIENDFAMILY G 0
FruitFruit G 0
Futurama G 0
FYSN G 0
Guanjun2005 G 0
HappyPavilion G 0
hokey G 0
HSC_CFAN G 0
Indie G 0
LetsChat G 0
LoveCatMeetU G 0
Lyriclub G 0
MoonlightBay G 0
MyLittlePoor G 0
Neverland G 0
NumberPark G 0
Odyssey G 0
OVSLS G 0
RDFZ G 0
Reminiscence G 0
SilverLining G 0
somewhere G 0
standflower G 0
TheOnlyTruth G 0
TypeMoon G 0
War3Clan G 0
WizArdS G 0
zts G 0
