KakaHiguain jiamingpku
jefaystone jiamingpku
Ckyipo Tutu
childeyi Tutu
NicoleG Tutu
haoyuan 1
gerald 1
disp 1
tiandinilv 2
guanyou 2
kanez 1
Crandia 1
nite 2
ShuiHan 1
cyblocker 1
leoliuxin 1
sleeptight 2
yellowlemon 2
dvorak 1
Astrid 2
Vendor 1
sliorveen 1
lcdlyxrqy 1
fjllh 1
cherryyyyy 2
miyako 1
lnss 2
peiyangium 1
rhyshm 1
qianyu 2
Manwe 1
freejoy 3
richardo 1
jefaystone 1
ilion 1
fswherever 1
annabelp 2
rgds 1
rancatherine 1
sram 2
childeyi 2
askyer 1
alwaysmoving 1
gaoxiang 1
KakaHiguain 1
monsterswalk 1
NicoleG 2
entropy 1
TWayne 1
bbb 1
countweeds 2
EatingAG 2
hcwanghao 1
hrcegg 1
Jasper 1
jiamingpku 1
xiaoddq 1
zincum 1
Fredship 1
mycNoone 1
mayyao 3
traveller 1
huayuankou 2
tanyingzi 2
Nocchiere 3
Tranquilsun 1
Tutu 3
Ckyipo 2
catalyze 1
